-- Defaulting build type to 'Release' since not specified.
-- The C compiler identification is GNU 14.2.1
-- The CXX compiler identification is GNU 14.2.1
-- The ASM compiler identification is GNU
-- Found assembler: /home/hollis/.pico-sdk/toolchain/14_2_Rel1/bin/arm-none-eabi-gcc
-- Detecting C compiler ABI info
-- Detecting C compiler ABI info - done
-- Check for working C compiler: /home/hollis/.pico-sdk/toolchain/14_2_Rel1/bin/arm-none-eabi-gcc - skipped
-- Detecting C compile features
-- Detecting C compile features - done
-- Detecting CXX compiler ABI info
-- Detecting CXX compiler ABI info - done
-- Check for working CXX compiler: /home/hollis/.pico-sdk/toolchain/14_2_Rel1/bin/arm-none-eabi-g++ - skipped
-- Detecting CXX compile features
-- Detecting CXX compile features - done
-- Found Python3: /usr/bin/python3.10 (found version "3.10.12") found components: Interpreter 
-- Configuring done
-- Generating done
-- Build files have been written to: /home/hollis/SingleBoardDrone_Firmware/build/SingleBoardDrone_RP2350
[35m[1mScanning dependencies of target bs2_default[0m
[  1%] [34m[1mGenerating blink.pio.h[0m
[  2%] [32mBuilding ASM object pico-sdk/src/rp2350/boot_stage2/CMakeFiles/bs2_default.dir/compile_time_choice.S.o[0m
[  2%] Built target SingleBoardDrone_RP2350_blink_pio_h
[  3%] [32m[1mLinking ASM executable bs2_default.elf[0m
[  3%] Built target bs2_default
[  4%] [34m[1mGenerating bs2_default.bin[0m
[  5%] [34m[1mGenerating bs2_default_padded_checksummed.S[0m
[35m[1mScanning dependencies of target bs2_default_library[0m
[  6%] [32mBuilding ASM object pico-sdk/src/rp2350/boot_stage2/CMakeFiles/bs2_default_library.dir/bs2_default_padded_checksummed.S.o[0m
[  6%] Built target bs2_default_library
[35m[1mScanning dependencies of target SingleBoardDrone_RP2350[0m
[  7%] [32mBuilding C object CMakeFiles/SingleBoardDrone_RP2350.dir/SingleBoardDrone_RP2350.c.o[0m
[  8%] [32mBuilding C object CMakeFiles/SingleBoardDrone_RP2350.dir/home/hollis/.pico-sdk/sdk/2.2.0/src/common/hardware_claim/claim.c.o[0m
[  9%] [32mBuilding C object CMakeFiles/SingleBoardDrone_RP2350.dir/home/hollis/.pico-sdk/sdk/2.2.0/src/rp2_common/hardware_irq/irq.c.o[0m
[ 10%] [32mBuilding C object CMakeFiles/SingleBoardDrone_RP2350.dir/home/hollis/.pico-sdk/sdk/2.2.0/src/rp2_common/pico_stdlib/stdlib.c.o[0m
[ 13%] [32mBuilding C object CMakeFiles/SingleBoardDrone_RP2350.dir/home/hollis/.pico-sdk/sdk/2.2.0/src/rp2_common/hardware_gpio/gpio.c.o[0m
[ 13%] [32mBuilding C object CMakeFiles/SingleBoardDrone_RP2350.dir/home/hollis/.pico-sdk/sdk/2.2.0/src/rp2350/pico_platform/platform.c.o[0m
[ 14%] [32mBuilding C object CMakeFiles/SingleBoardDrone_RP2350.dir/home/hollis/.pico-sdk/sdk/2.2.0/src/rp2_common/pico_platform_common/common.c.o[0m
[ 15%] [32mBuilding C object CMakeFiles/SingleBoardDrone_RP2350.dir/home/hollis/.pico-sdk/sdk/2.2.0/src/rp2_common/pico_platform_panic/panic.c.o[0m
[ 16%] [32mBuilding C object CMakeFiles/SingleBoardDrone_RP2350.dir/home/hollis/.pico-sdk/sdk/2.2.0/src/common/pico_sync/critical_section.c.o[0m
[ 17%] [32mBuilding C object CMakeFiles/SingleBoardDrone_RP2350.dir/home/hollis/.pico-sdk/sdk/2.2.0/src/common/pico_time/time.c.o[0m
[ 19%] [32mBuilding C object CMakeFiles/SingleBoardDrone_RP2350.dir/home/hollis/.pico-sdk/sdk/2.2.0/src/rp2_common/hardware_sync/sync.c.o[0m
[ 19%] [32mBuilding C object CMakeFiles/SingleBoardDrone_RP2350.dir/home/hollis/.pico-sdk/sdk/2.2.0/src/rp2_common/hardware_sync_spin_lock/sync_spin_lock.c.o[0m
[ 20%] [32mBuilding ASM object CMakeFiles/SingleBoardDrone_RP2350.dir/home/hollis/.pico-sdk/sdk/2.2.0/src/rp2_common/hardware_irq/irq_handler_chain.S.o[0m
[ 22%] [32mBuilding C object CMakeFiles/SingleBoardDrone_RP2350.dir/home/hollis/.pico-sdk/sdk/2.2.0/src/common/pico_util/datetime.c.o[0m
[ 22%] [32mBuilding C object CMakeFiles/SingleBoardDrone_RP2350.dir/home/hollis/.pico-sdk/sdk/2.2.0/src/common/pico_sync/sem.c.o[0m
[ 23%] [32mBuilding C object CMakeFiles/SingleBoardDrone_RP2350.dir/home/hollis/.pico-sdk/sdk/2.2.0/src/common/pico_sync/lock_core.c.o[0m
[ 25%] [32mBuilding C object CMakeFiles/SingleBoardDrone_RP2350.dir/home/hollis/.pico-sdk/sdk/2.2.0/src/common/pico_util/queue.c.o[0m
[ 26%] [32mBuilding C object CMakeFiles/SingleBoardDrone_RP2350.dir/home/hollis/.pico-sdk/sdk/2.2.0/src/common/pico_util/pheap.c.o[0m
[ 27%] [32mBuilding C object CMakeFiles/SingleBoardDrone_RP2350.dir/home/hollis/.pico-sdk/sdk/2.2.0/src/common/pico_sync/mutex.c.o[0m
[ 28%] [32mBuilding C object CMakeFiles/SingleBoardDrone_RP2350.dir/home/hollis/.pico-sdk/sdk/2.2.0/src/rp2_common/hardware_uart/uart.c.o[0m
[ 29%] [32mBuilding C object CMakeFiles/SingleBoardDrone_RP2350.dir/home/hollis/.pico-sdk/sdk/2.2.0/src/common/pico_time/timeout_helper.c.o[0m
[ 30%] [32mBuilding C object CMakeFiles/SingleBoardDrone_RP2350.dir/home/hollis/.pico-sdk/sdk/2.2.0/src/rp2_common/hardware_timer/timer.c.o[0m
[ 31%] [32mBuilding C object CMakeFiles/SingleBoardDrone_RP2350.dir/home/hollis/.pico-sdk/sdk/2.2.0/src/rp2_common/hardware_clocks/clocks.c.o[0m
[ 32%] [32mBuilding C object CMakeFiles/SingleBoardDrone_RP2350.dir/home/hollis/.pico-sdk/sdk/2.2.0/src/rp2_common/hardware_pll/pll.c.o[0m
[ 33%] [32mBuilding C object CMakeFiles/SingleBoardDrone_RP2350.dir/home/hollis/.pico-sdk/sdk/2.2.0/src/rp2_common/hardware_vreg/vreg.c.o[0m
[ 34%] [32mBuilding C object CMakeFiles/SingleBoardDrone_RP2350.dir/home/hollis/.pico-sdk/sdk/2.2.0/src/rp2_common/hardware_watchdog/watchdog.c.o[0m
[ 35%] [32mBuilding C object CMakeFiles/SingleBoardDrone_RP2350.dir/home/hollis/.pico-sdk/sdk/2.2.0/src/rp2_common/hardware_ticks/ticks.c.o[0m
[ 36%] [32mBuilding C object CMakeFiles/SingleBoardDrone_RP2350.dir/home/hollis/.pico-sdk/sdk/2.2.0/src/rp2_common/pico_bootrom/bootrom.c.o[0m
[ 38%] [32mBuilding C object CMakeFiles/SingleBoardDrone_RP2350.dir/home/hollis/.pico-sdk/sdk/2.2.0/src/rp2_common/pico_bootrom/bootrom_lock.c.o[0m
[ 39%] [32mBuilding C object CMakeFiles/SingleBoardDrone_RP2350.dir/home/hollis/.pico-sdk/sdk/2.2.0/src/rp2_common/hardware_boot_lock/boot_lock.c.o[0m
[ 41%] [32mBuilding C object CMakeFiles/SingleBoardDrone_RP2350.dir/home/hollis/.pico-sdk/sdk/2.2.0/src/rp2_common/pico_flash/flash.c.o[0m
[ 41%] [32mBuilding C object CMakeFiles/SingleBoardDrone_RP2350.dir/home/hollis/.pico-sdk/sdk/2.2.0/src/rp2_common/hardware_xosc/xosc.c.o[0m
[ 42%] [32mBuilding C object CMakeFiles/SingleBoardDrone_RP2350.dir/home/hollis/.pico-sdk/sdk/2.2.0/src/rp2_common/hardware_divider/divider.c.o[0m
[ 43%] [32mBuilding C object CMakeFiles/SingleBoardDrone_RP2350.dir/home/hollis/.pico-sdk/sdk/2.2.0/src/rp2_common/pico_runtime/runtime.c.o[0m
[ 44%] [32mBuilding C object CMakeFiles/SingleBoardDrone_RP2350.dir/home/hollis/.pico-sdk/sdk/2.2.0/src/rp2_common/pico_runtime_init/runtime_init_clocks.c.o[0m
[ 45%] [32mBuilding C object CMakeFiles/SingleBoardDrone_RP2350.dir/home/hollis/.pico-sdk/sdk/2.2.0/src/rp2_common/pico_runtime_init/runtime_init.c.o[0m
[ 46%] [32mBuilding ASM object CMakeFiles/SingleBoardDrone_RP2350.dir/home/hollis/.pico-sdk/sdk/2.2.0/src/rp2_common/pico_bit_ops/bit_ops_aeabi.S.o[0m
[ 47%] [32mBuilding C object CMakeFiles/SingleBoardDrone_RP2350.dir/home/hollis/.pico-sdk/sdk/2.2.0/src/rp2_common/pico_runtime_init/runtime_init_stack_guard.c.o[0m
[ 48%] [32mBuilding C object CMakeFiles/SingleBoardDrone_RP2350.dir/home/hollis/.pico-sdk/sdk/2.2.0/src/rp2_common/pico_divider/divider_compiler.c.o[0m
[ 50%] [32mBuilding C object CMakeFiles/SingleBoardDrone_RP2350.dir/home/hollis/.pico-sdk/sdk/2.2.0/src/rp2_common/pico_double/double_math.c.o[0m
[ 51%] [32mBuilding ASM object CMakeFiles/SingleBoardDrone_RP2350.dir/home/hollis/.pico-sdk/sdk/2.2.0/src/rp2_common/pico_double/double_aeabi_dcp.S.o[0m
[ 52%] [32mBuilding ASM object CMakeFiles/SingleBoardDrone_RP2350.dir/home/hollis/.pico-sdk/sdk/2.2.0/src/rp2_common/pico_double/double_fma_dcp.S.o[0m
[ 53%] [32mBuilding ASM object CMakeFiles/SingleBoardDrone_RP2350.dir/home/hollis/.pico-sdk/sdk/2.2.0/src/rp2_common/pico_double/double_sci_m33.S.o[0m
[ 54%] [32mBuilding ASM object CMakeFiles/SingleBoardDrone_RP2350.dir/home/hollis/.pico-sdk/sdk/2.2.0/src/rp2_common/pico_double/double_conv_m33.S.o[0m
[ 57%] [32mBuilding ASM object CMakeFiles/SingleBoardDrone_RP2350.dir/home/hollis/.pico-sdk/sdk/2.2.0/src/rp2_common/pico_float/float_common_m33.S.o[0m
[ 57%] [32mBuilding ASM object CMakeFiles/SingleBoardDrone_RP2350.dir/home/hollis/.pico-sdk/sdk/2.2.0/src/rp2_common/pico_float/float_conv32_vfp.S.o[0m
[ 57%] [32mBuilding C object CMakeFiles/SingleBoardDrone_RP2350.dir/home/hollis/.pico-sdk/sdk/2.2.0/src/rp2_common/pico_float/float_math.c.o[0m
[ 58%] [32mBuilding ASM object CMakeFiles/SingleBoardDrone_RP2350.dir/home/hollis/.pico-sdk/sdk/2.2.0/src/rp2_common/pico_float/float_sci_m33_vfp.S.o[0m
[ 60%] [32mBuilding C object CMakeFiles/SingleBoardDrone_RP2350.dir/home/hollis/.pico-sdk/sdk/2.2.0/src/rp2_common/pico_malloc/malloc.c.o[0m
[ 60%] [32mBuilding C object CMakeFiles/SingleBoardDrone_RP2350.dir/home/hollis/.pico-sdk/sdk/2.2.0/src/rp2_common/pico_atomic/atomic.c.o[0m
[ 61%] [32mBuilding CXX object CMakeFiles/SingleBoardDrone_RP2350.dir/home/hollis/.pico-sdk/sdk/2.2.0/src/rp2_common/pico_cxx_options/new_delete.cpp.o[0m
[ 63%] [32mBuilding C object CMakeFiles/SingleBoardDrone_RP2350.dir/home/hollis/.pico-sdk/sdk/2.2.0/src/rp2_common/pico_standard_binary_info/standard_binary_info.c.o[0m
[ 64%] [32mBuilding ASM object CMakeFiles/SingleBoardDrone_RP2350.dir/home/hollis/.pico-sdk/sdk/2.2.0/src/rp2_common/pico_crt0/crt0.S.o[0m
[ 65%] [32mBuilding C object CMakeFiles/SingleBoardDrone_RP2350.dir/home/hollis/.pico-sdk/sdk/2.2.0/src/rp2_common/pico_printf/printf.c.o[0m
[ 66%] [32mBuilding C object CMakeFiles/SingleBoardDrone_RP2350.dir/home/hollis/.pico-sdk/sdk/2.2.0/src/rp2_common/pico_clib_interface/newlib_interface.c.o[0m
[ 67%] [32mBuilding C object CMakeFiles/SingleBoardDrone_RP2350.dir/home/hollis/.pico-sdk/sdk/2.2.0/src/rp2_common/pico_stdio_usb/reset_interface.c.o[0m
[ 68%] [32mBuilding C object CMakeFiles/SingleBoardDrone_RP2350.dir/home/hollis/.pico-sdk/sdk/2.2.0/src/rp2_common/pico_stdio_usb/stdio_usb.c.o[0m
[ 69%] [32mBuilding C object CMakeFiles/SingleBoardDrone_RP2350.dir/home/hollis/.pico-sdk/sdk/2.2.0/src/rp2_common/pico_stdio/stdio.c.o[0m
[ 70%] [32mBuilding C object CMakeFiles/SingleBoardDrone_RP2350.dir/home/hollis/.pico-sdk/sdk/2.2.0/src/rp2_common/pico_unique_id/unique_id.c.o[0m
[ 71%] [32mBuilding C object CMakeFiles/SingleBoardDrone_RP2350.dir/home/hollis/.pico-sdk/sdk/2.2.0/src/rp2_common/hardware_flash/flash.c.o[0m
[ 72%] [32mBuilding C object CMakeFiles/SingleBoardDrone_RP2350.dir/home/hollis/.pico-sdk/sdk/2.2.0/src/rp2_common/hardware_xip_cache/xip_cache.c.o[0m
[ 73%] [32mBuilding C object CMakeFiles/SingleBoardDrone_RP2350.dir/home/hollis/.pico-sdk/sdk/2.2.0/src/rp2_common/pico_stdio_usb/stdio_usb_descriptors.c.o[0m
[ 75%] [32mBuilding C object CMakeFiles/SingleBoardDrone_RP2350.dir/home/hollis/.pico-sdk/sdk/2.2.0/lib/tinyusb/src/portable/raspberrypi/rp2040/dcd_rp2040.c.o[0m
[ 76%] [32mBuilding C object CMakeFiles/SingleBoardDrone_RP2350.dir/home/hollis/.pico-sdk/sdk/2.2.0/lib/tinyusb/src/portable/raspberrypi/rp2040/rp2040_usb.c.o[0m
[ 77%] [32mBuilding C object CMakeFiles/SingleBoardDrone_RP2350.dir/home/hollis/.pico-sdk/sdk/2.2.0/lib/tinyusb/src/device/usbd.c.o[0m
[ 78%] [32mBuilding C object CMakeFiles/SingleBoardDrone_RP2350.dir/home/hollis/.pico-sdk/sdk/2.2.0/lib/tinyusb/src/device/usbd_control.c.o[0m
[ 79%] [32mBuilding C object CMakeFiles/SingleBoardDrone_RP2350.dir/home/hollis/.pico-sdk/sdk/2.2.0/lib/tinyusb/src/class/audio/audio_device.c.o[0m
[ 80%] [32mBuilding C object CMakeFiles/SingleBoardDrone_RP2350.dir/home/hollis/.pico-sdk/sdk/2.2.0/lib/tinyusb/src/class/cdc/cdc_device.c.o[0m
[ 81%] [32mBuilding C object CMakeFiles/SingleBoardDrone_RP2350.dir/home/hollis/.pico-sdk/sdk/2.2.0/lib/tinyusb/src/class/dfu/dfu_device.c.o[0m
[ 82%] [32mBuilding C object CMakeFiles/SingleBoardDrone_RP2350.dir/home/hollis/.pico-sdk/sdk/2.2.0/lib/tinyusb/src/class/dfu/dfu_rt_device.c.o[0m
[ 83%] [32mBuilding C object CMakeFiles/SingleBoardDrone_RP2350.dir/home/hollis/.pico-sdk/sdk/2.2.0/lib/tinyusb/src/class/hid/hid_device.c.o[0m
[ 84%] [32mBuilding C object CMakeFiles/SingleBoardDrone_RP2350.dir/home/hollis/.pico-sdk/sdk/2.2.0/lib/tinyusb/src/class/midi/midi_device.c.o[0m
[ 85%] [32mBuilding C object CMakeFiles/SingleBoardDrone_RP2350.dir/home/hollis/.pico-sdk/sdk/2.2.0/lib/tinyusb/src/class/msc/msc_device.c.o[0m
[ 86%] [32mBuilding C object CMakeFiles/SingleBoardDrone_RP2350.dir/home/hollis/.pico-sdk/sdk/2.2.0/lib/tinyusb/src/class/net/ncm_device.c.o[0m
[ 88%] [32mBuilding C object CMakeFiles/SingleBoardDrone_RP2350.dir/home/hollis/.pico-sdk/sdk/2.2.0/lib/tinyusb/src/class/net/ecm_rndis_device.c.o[0m
[ 89%] [32mBuilding C object CMakeFiles/SingleBoardDrone_RP2350.dir/home/hollis/.pico-sdk/sdk/2.2.0/lib/tinyusb/src/class/vendor/vendor_device.c.o[0m
[ 90%] [32mBuilding C object CMakeFiles/SingleBoardDrone_RP2350.dir/home/hollis/.pico-sdk/sdk/2.2.0/lib/tinyusb/src/class/video/video_device.c.o[0m
[ 92%] [32mBuilding C object CMakeFiles/SingleBoardDrone_RP2350.dir/home/hollis/.pico-sdk/sdk/2.2.0/lib/tinyusb/src/class/usbtmc/usbtmc_device.c.o[0m
[ 92%] [32mBuilding C object CMakeFiles/SingleBoardDrone_RP2350.dir/home/hollis/.pico-sdk/sdk/2.2.0/lib/tinyusb/src/tusb.c.o[0m
[ 93%] [32mBuilding C object CMakeFiles/SingleBoardDrone_RP2350.dir/home/hollis/.pico-sdk/sdk/2.2.0/lib/tinyusb/src/common/tusb_fifo.c.o[0m
[ 94%] [32mBuilding C object CMakeFiles/SingleBoardDrone_RP2350.dir/home/hollis/.pico-sdk/sdk/2.2.0/src/rp2_common/pico_fix/rp2040_usb_device_enumeration/rp2040_usb_device_enumeration.c.o[0m
[ 95%] [32mBuilding C object CMakeFiles/SingleBoardDrone_RP2350.dir/home/hollis/.pico-sdk/sdk/2.2.0/src/rp2_common/hardware_i2c/i2c.c.o[0m
[ 96%] [32mBuilding C object CMakeFiles/SingleBoardDrone_RP2350.dir/home/hollis/.pico-sdk/sdk/2.2.0/src/rp2_common/hardware_spi/spi.c.o[0m
[ 97%] [32mBuilding C object CMakeFiles/SingleBoardDrone_RP2350.dir/home/hollis/.pico-sdk/sdk/2.2.0/src/rp2_common/hardware_pio/pio.c.o[0m
[ 98%] [32mBuilding C object CMakeFiles/SingleBoardDrone_RP2350.dir/home/hollis/.pico-sdk/sdk/2.2.0/src/rp2_common/hardware_interp/interp.c.o[0m
[100%] [32m[1mLinking CXX executable SingleBoardDrone_RP2350.elf[0m
[100%] Built target SingleBoardDrone_RP2350
